// Jest Snapshot v1, https://goo.gl/fbAQLP

exports[`App matches snapshot 1`] = `
<div>
  <div
    className="app-container"
    style={
      Object {
        "backgroundColor": "FF81AB",
      }
    }
  />
  <header>
    <div
      className="container title-container"
    >
      <div
        className="row title-row border"
      >
        <div
          className="six columns description"
        >
          <div
            className="site-subtitle"
          >
            <h3>
              Strange sounds from campus and community radio across Canada.
            </h3>
          </div>
        </div>
        <div
          className="three columns brand-name"
        >
          <h1>
            oddrad.io
          </h1>
        </div>
      </div>
    </div>
  </header>
  <section
    className="station-list-container"
  />
  <footer>
    <div>
      <audio
        id="player"
        onCanPlay={[Function]}
        onLoadStart={[Function]}
      >
        <source
          src=""
          type=""
        />
      </audio>
      <div>
        <div
          className="player-station-name"
          onClick={[Function]}
        >
          Current Station: 
          
        </div>
        <div
          className="container player-container"
        >
          <div
            className="row player-row border"
          >
            <div
              className="three columns"
            >
              <div>
                <i
                  className="fa fa-play fa-2x"
                  id="pButton"
                  onClick={[Function]}
                />
              </div>
            </div>
            <div
              className="three columns"
            >
              <div>
                <div>
                  <i
                    className="fa fa-volume-up fa-2x"
                    id="mute"
                    onClick={[Function]}
                  />
                </div>
                <input
                  id="vol-control"
                  max={100}
                  min={0}
                  onChange={[Function]}
                  onInput={[Function]}
                  step={1}
                  type="range"
                  value={100}
                />
              </div>
            </div>
            <div
              className="three columns"
            >
              <i
                className="fa fa-random fa-2x seek-button"
                onClick={[Function]}
              />
            </div>
          </div>
        </div>
      </div>
    </div>
  </footer>
</div>
`;
