// Jest Snapshot v1, https://goo.gl/fbAQLP

exports[`Contact matches snapshot 1`] = `
<div
  className="container masthead-info"
>
  <div
    className="row center"
  >
    <h5>
      Contact Us
    </h5>
  </div>
  <div
    className="row"
  >
    <p>
      Got a suggestion for a station to add?
    </p>
    <p>
      Want us to take your station down?
    </p>
    <p>
      Get in touch with us by email: oddradioapp@gmail.com
    </p>
    <p>
      This is an open source project and we welcome additional contributions from the community.
    </p>
    <a
      href="https://github.com/johnniereg/odd-radio"
      target="blank"
    >
      <p>
        The code.
      </p>
    </a>
  </div>
</div>
`;
