// Jest Snapshot v1, https://goo.gl/fbAQLP

exports[`Station matches snapshot 1`] = `
<div
  id="QWER"
>
  <div
    className="container station-container3"
  >
    <div
      className="row station-row border"
    >
      <div
        className="one-third column station-name center"
      >
         
        QWER
         
      </div>
      <div
        className="one-third column station-play-button center"
      >
        <div>
          <i
            className="fa fa-play fa-2x"
            id="pButton"
            onClick={[Function]}
          />
        </div>
      </div>
      <div
        className="one-third column station-info-button center"
      >
        <i
          aria-hidden="true"
          className="fa fa-chevron-down card-chevron"
          onClick={[Function]}
        />
      </div>
    </div>
  </div>
</div>
`;
